pp-number 0
whitespace
pp-number 0
whitespace
pp-number 0l
whitespace
pp-number 0l
whitespace
pp-number 0L
whitespace
pp-number 0L
whitespace
pp-number 0ll
whitespace
pp-number 0ll
whitespace
pp-number 0LL
whitespace
pp-number 0LL
whitespace
pp-number 0X
whitespace
pp-number 0X
whitespace
pp-number 0lL
whitespace
pp-number 0lL
whitespace
pp-number 0_ud2
whitespace
pp-number 0_ud2
new-line
pp-number 0u
whitespace
pp-number 0u
whitespace
pp-number 0ul
whitespace
pp-number 0lu
whitespace
pp-number 0uL
whitespace
pp-number 0Lu
whitespace
pp-number 0ull
whitespace
pp-number 0llu
whitespace
pp-number 0uLL
whitespace
pp-number 0LLu
whitespace
pp-number 0uX
whitespace
pp-number 0Xu
whitespace
pp-number 0ulL
whitespace
pp-number 0lLu
whitespace
pp-number 0u_ud2
whitespace
pp-number 0_ud2u
new-line
pp-number 0U
whitespace
pp-number 0U
whitespace
pp-number 0Ul
whitespace
pp-number 0lU
whitespace
pp-number 0UL
whitespace
pp-number 0LU
whitespace
pp-number 0Ull
whitespace
pp-number 0llU
whitespace
pp-number 0ULL
whitespace
pp-number 0LLU
whitespace
pp-number 0UX
whitespace
pp-number 0XU
whitespace
pp-number 0UlL
whitespace
pp-number 0lLU
whitespace
pp-number 0U_ud2
whitespace
pp-number 0_ud2U
new-line
pp-number 0W
whitespace
pp-number 0W
whitespace
pp-number 0Wl
whitespace
pp-number 0lW
whitespace
pp-number 0WL
whitespace
pp-number 0LW
whitespace
pp-number 0Wll
whitespace
pp-number 0llW
whitespace
pp-number 0WLL
whitespace
pp-number 0LLW
whitespace
pp-number 0WX
whitespace
pp-number 0XW
whitespace
pp-number 0WlL
whitespace
pp-number 0lLW
whitespace
pp-number 0W_ud2
whitespace
pp-number 0_ud2W
new-line
pp-number 0_ud1
whitespace
pp-number 0_ud1
whitespace
pp-number 0_ud1l
whitespace
pp-number 0l_ud1
whitespace
pp-number 0_ud1L
whitespace
pp-number 0L_ud1
whitespace
pp-number 0_ud1ll
whitespace
pp-number 0ll_ud1
whitespace
pp-number 0_ud1LL
whitespace
pp-number 0LL_ud1
whitespace
pp-number 0_ud1X
whitespace
pp-number 0X_ud1
whitespace
pp-number 0_ud1lL
whitespace
pp-number 0lL_ud1
whitespace
pp-number 0_ud1_ud2
whitespace
pp-number 0_ud2_ud1
new-line
pp-number 0x0
whitespace
pp-number 0x0
whitespace
pp-number 0x0l
whitespace
pp-number 0x0l
whitespace
pp-number 0x0L
whitespace
pp-number 0x0L
whitespace
pp-number 0x0ll
whitespace
pp-number 0x0ll
whitespace
pp-number 0x0LL
whitespace
pp-number 0x0LL
whitespace
pp-number 0x0X
whitespace
pp-number 0x0X
whitespace
pp-number 0x0lL
whitespace
pp-number 0x0lL
whitespace
pp-number 0x0_ud2
whitespace
pp-number 0x0_ud2
new-line
pp-number 0x0u
whitespace
pp-number 0x0u
whitespace
pp-number 0x0ul
whitespace
pp-number 0x0lu
whitespace
pp-number 0x0uL
whitespace
pp-number 0x0Lu
whitespace
pp-number 0x0ull
whitespace
pp-number 0x0llu
whitespace
pp-number 0x0uLL
whitespace
pp-number 0x0LLu
whitespace
pp-number 0x0uX
whitespace
pp-number 0x0Xu
whitespace
pp-number 0x0ulL
whitespace
pp-number 0x0lLu
whitespace
pp-number 0x0u_ud2
whitespace
pp-number 0x0_ud2u
new-line
pp-number 0x0U
whitespace
pp-number 0x0U
whitespace
pp-number 0x0Ul
whitespace
pp-number 0x0lU
whitespace
pp-number 0x0UL
whitespace
pp-number 0x0LU
whitespace
pp-number 0x0Ull
whitespace
pp-number 0x0llU
whitespace
pp-number 0x0ULL
whitespace
pp-number 0x0LLU
whitespace
pp-number 0x0UX
whitespace
pp-number 0x0XU
whitespace
pp-number 0x0UlL
whitespace
pp-number 0x0lLU
whitespace
pp-number 0x0U_ud2
whitespace
pp-number 0x0_ud2U
new-line
pp-number 0x0W
whitespace
pp-number 0x0W
whitespace
pp-number 0x0Wl
whitespace
pp-number 0x0lW
whitespace
pp-number 0x0WL
whitespace
pp-number 0x0LW
whitespace
pp-number 0x0Wll
whitespace
pp-number 0x0llW
whitespace
pp-number 0x0WLL
whitespace
pp-number 0x0LLW
whitespace
pp-number 0x0WX
whitespace
pp-number 0x0XW
whitespace
pp-number 0x0WlL
whitespace
pp-number 0x0lLW
whitespace
pp-number 0x0W_ud2
whitespace
pp-number 0x0_ud2W
new-line
pp-number 0x0_ud1
whitespace
pp-number 0x0_ud1
whitespace
pp-number 0x0_ud1l
whitespace
pp-number 0x0l_ud1
whitespace
pp-number 0x0_ud1L
whitespace
pp-number 0x0L_ud1
whitespace
pp-number 0x0_ud1ll
whitespace
pp-number 0x0ll_ud1
whitespace
pp-number 0x0_ud1LL
whitespace
pp-number 0x0LL_ud1
whitespace
pp-number 0x0_ud1X
whitespace
pp-number 0x0X_ud1
whitespace
pp-number 0x0_ud1lL
whitespace
pp-number 0x0lL_ud1
whitespace
pp-number 0x0_ud1_ud2
whitespace
pp-number 0x0_ud2_ud1
new-line
pp-number 00
whitespace
pp-number 00
whitespace
pp-number 00l
whitespace
pp-number 00l
whitespace
pp-number 00L
whitespace
pp-number 00L
whitespace
pp-number 00ll
whitespace
pp-number 00ll
whitespace
pp-number 00LL
whitespace
pp-number 00LL
whitespace
pp-number 00X
whitespace
pp-number 00X
whitespace
pp-number 00lL
whitespace
pp-number 00lL
whitespace
pp-number 00_ud2
whitespace
pp-number 00_ud2
new-line
pp-number 00u
whitespace
pp-number 00u
whitespace
pp-number 00ul
whitespace
pp-number 00lu
whitespace
pp-number 00uL
whitespace
pp-number 00Lu
whitespace
pp-number 00ull
whitespace
pp-number 00llu
whitespace
pp-number 00uLL
whitespace
pp-number 00LLu
whitespace
pp-number 00uX
whitespace
pp-number 00Xu
whitespace
pp-number 00ulL
whitespace
pp-number 00lLu
whitespace
pp-number 00u_ud2
whitespace
pp-number 00_ud2u
new-line
pp-number 00U
whitespace
pp-number 00U
whitespace
pp-number 00Ul
whitespace
pp-number 00lU
whitespace
pp-number 00UL
whitespace
pp-number 00LU
whitespace
pp-number 00Ull
whitespace
pp-number 00llU
whitespace
pp-number 00ULL
whitespace
pp-number 00LLU
whitespace
pp-number 00UX
whitespace
pp-number 00XU
whitespace
pp-number 00UlL
whitespace
pp-number 00lLU
whitespace
pp-number 00U_ud2
whitespace
pp-number 00_ud2U
new-line
pp-number 00W
whitespace
pp-number 00W
whitespace
pp-number 00Wl
whitespace
pp-number 00lW
whitespace
pp-number 00WL
whitespace
pp-number 00LW
whitespace
pp-number 00Wll
whitespace
pp-number 00llW
whitespace
pp-number 00WLL
whitespace
pp-number 00LLW
whitespace
pp-number 00WX
whitespace
pp-number 00XW
whitespace
pp-number 00WlL
whitespace
pp-number 00lLW
whitespace
pp-number 00W_ud2
whitespace
pp-number 00_ud2W
new-line
pp-number 00_ud1
whitespace
pp-number 00_ud1
whitespace
pp-number 00_ud1l
whitespace
pp-number 00l_ud1
whitespace
pp-number 00_ud1L
whitespace
pp-number 00L_ud1
whitespace
pp-number 00_ud1ll
whitespace
pp-number 00ll_ud1
whitespace
pp-number 00_ud1LL
whitespace
pp-number 00LL_ud1
whitespace
pp-number 00_ud1X
whitespace
pp-number 00X_ud1
whitespace
pp-number 00_ud1lL
whitespace
pp-number 00lL_ud1
whitespace
pp-number 00_ud1_ud2
whitespace
pp-number 00_ud2_ud1
new-line
pp-number 123
whitespace
pp-number 123
whitespace
pp-number 123l
whitespace
pp-number 123l
whitespace
pp-number 123L
whitespace
pp-number 123L
whitespace
pp-number 123ll
whitespace
pp-number 123ll
whitespace
pp-number 123LL
whitespace
pp-number 123LL
whitespace
pp-number 123X
whitespace
pp-number 123X
whitespace
pp-number 123lL
whitespace
pp-number 123lL
whitespace
pp-number 123_ud2
whitespace
pp-number 123_ud2
new-line
pp-number 123u
whitespace
pp-number 123u
whitespace
pp-number 123ul
whitespace
pp-number 123lu
whitespace
pp-number 123uL
whitespace
pp-number 123Lu
whitespace
pp-number 123ull
whitespace
pp-number 123llu
whitespace
pp-number 123uLL
whitespace
pp-number 123LLu
whitespace
pp-number 123uX
whitespace
pp-number 123Xu
whitespace
pp-number 123ulL
whitespace
pp-number 123lLu
whitespace
pp-number 123u_ud2
whitespace
pp-number 123_ud2u
new-line
pp-number 123U
whitespace
pp-number 123U
whitespace
pp-number 123Ul
whitespace
pp-number 123lU
whitespace
pp-number 123UL
whitespace
pp-number 123LU
whitespace
pp-number 123Ull
whitespace
pp-number 123llU
whitespace
pp-number 123ULL
whitespace
pp-number 123LLU
whitespace
pp-number 123UX
whitespace
pp-number 123XU
whitespace
pp-number 123UlL
whitespace
pp-number 123lLU
whitespace
pp-number 123U_ud2
whitespace
pp-number 123_ud2U
new-line
pp-number 123W
whitespace
pp-number 123W
whitespace
pp-number 123Wl
whitespace
pp-number 123lW
whitespace
pp-number 123WL
whitespace
pp-number 123LW
whitespace
pp-number 123Wll
whitespace
pp-number 123llW
whitespace
pp-number 123WLL
whitespace
pp-number 123LLW
whitespace
pp-number 123WX
whitespace
pp-number 123XW
whitespace
pp-number 123WlL
whitespace
pp-number 123lLW
whitespace
pp-number 123W_ud2
whitespace
pp-number 123_ud2W
new-line
pp-number 123_ud1
whitespace
pp-number 123_ud1
whitespace
pp-number 123_ud1l
whitespace
pp-number 123l_ud1
whitespace
pp-number 123_ud1L
whitespace
pp-number 123L_ud1
whitespace
pp-number 123_ud1ll
whitespace
pp-number 123ll_ud1
whitespace
pp-number 123_ud1LL
whitespace
pp-number 123LL_ud1
whitespace
pp-number 123_ud1X
whitespace
pp-number 123X_ud1
whitespace
pp-number 123_ud1lL
whitespace
pp-number 123lL_ud1
whitespace
pp-number 123_ud1_ud2
whitespace
pp-number 123_ud2_ud1
new-line
pp-number 0x123
whitespace
pp-number 0x123
whitespace
pp-number 0x123l
whitespace
pp-number 0x123l
whitespace
pp-number 0x123L
whitespace
pp-number 0x123L
whitespace
pp-number 0x123ll
whitespace
pp-number 0x123ll
whitespace
pp-number 0x123LL
whitespace
pp-number 0x123LL
whitespace
pp-number 0x123X
whitespace
pp-number 0x123X
whitespace
pp-number 0x123lL
whitespace
pp-number 0x123lL
whitespace
pp-number 0x123_ud2
whitespace
pp-number 0x123_ud2
new-line
pp-number 0x123u
whitespace
pp-number 0x123u
whitespace
pp-number 0x123ul
whitespace
pp-number 0x123lu
whitespace
pp-number 0x123uL
whitespace
pp-number 0x123Lu
whitespace
pp-number 0x123ull
whitespace
pp-number 0x123llu
whitespace
pp-number 0x123uLL
whitespace
pp-number 0x123LLu
whitespace
pp-number 0x123uX
whitespace
pp-number 0x123Xu
whitespace
pp-number 0x123ulL
whitespace
pp-number 0x123lLu
whitespace
pp-number 0x123u_ud2
whitespace
pp-number 0x123_ud2u
new-line
pp-number 0x123U
whitespace
pp-number 0x123U
whitespace
pp-number 0x123Ul
whitespace
pp-number 0x123lU
whitespace
pp-number 0x123UL
whitespace
pp-number 0x123LU
whitespace
pp-number 0x123Ull
whitespace
pp-number 0x123llU
whitespace
pp-number 0x123ULL
whitespace
pp-number 0x123LLU
whitespace
pp-number 0x123UX
whitespace
pp-number 0x123XU
whitespace
pp-number 0x123UlL
whitespace
pp-number 0x123lLU
whitespace
pp-number 0x123U_ud2
whitespace
pp-number 0x123_ud2U
new-line
pp-number 0x123W
whitespace
pp-number 0x123W
whitespace
pp-number 0x123Wl
whitespace
pp-number 0x123lW
whitespace
pp-number 0x123WL
whitespace
pp-number 0x123LW
whitespace
pp-number 0x123Wll
whitespace
pp-number 0x123llW
whitespace
pp-number 0x123WLL
whitespace
pp-number 0x123LLW
whitespace
pp-number 0x123WX
whitespace
pp-number 0x123XW
whitespace
pp-number 0x123WlL
whitespace
pp-number 0x123lLW
whitespace
pp-number 0x123W_ud2
whitespace
pp-number 0x123_ud2W
new-line
pp-number 0x123_ud1
whitespace
pp-number 0x123_ud1
whitespace
pp-number 0x123_ud1l
whitespace
pp-number 0x123l_ud1
whitespace
pp-number 0x123_ud1L
whitespace
pp-number 0x123L_ud1
whitespace
pp-number 0x123_ud1ll
whitespace
pp-number 0x123ll_ud1
whitespace
pp-number 0x123_ud1LL
whitespace
pp-number 0x123LL_ud1
whitespace
pp-number 0x123_ud1X
whitespace
pp-number 0x123X_ud1
whitespace
pp-number 0x123_ud1lL
whitespace
pp-number 0x123lL_ud1
whitespace
pp-number 0x123_ud1_ud2
whitespace
pp-number 0x123_ud2_ud1
new-line
pp-number 0123
whitespace
pp-number 0123
whitespace
pp-number 0123l
whitespace
pp-number 0123l
whitespace
pp-number 0123L
whitespace
pp-number 0123L
whitespace
pp-number 0123ll
whitespace
pp-number 0123ll
whitespace
pp-number 0123LL
whitespace
pp-number 0123LL
whitespace
pp-number 0123X
whitespace
pp-number 0123X
whitespace
pp-number 0123lL
whitespace
pp-number 0123lL
whitespace
pp-number 0123_ud2
whitespace
pp-number 0123_ud2
new-line
pp-number 0123u
whitespace
pp-number 0123u
whitespace
pp-number 0123ul
whitespace
pp-number 0123lu
whitespace
pp-number 0123uL
whitespace
pp-number 0123Lu
whitespace
pp-number 0123ull
whitespace
pp-number 0123llu
whitespace
pp-number 0123uLL
whitespace
pp-number 0123LLu
whitespace
pp-number 0123uX
whitespace
pp-number 0123Xu
whitespace
pp-number 0123ulL
whitespace
pp-number 0123lLu
whitespace
pp-number 0123u_ud2
whitespace
pp-number 0123_ud2u
new-line
pp-number 0123U
whitespace
pp-number 0123U
whitespace
pp-number 0123Ul
whitespace
pp-number 0123lU
whitespace
pp-number 0123UL
whitespace
pp-number 0123LU
whitespace
pp-number 0123Ull
whitespace
pp-number 0123llU
whitespace
pp-number 0123ULL
whitespace
pp-number 0123LLU
whitespace
pp-number 0123UX
whitespace
pp-number 0123XU
whitespace
pp-number 0123UlL
whitespace
pp-number 0123lLU
whitespace
pp-number 0123U_ud2
whitespace
pp-number 0123_ud2U
new-line
pp-number 0123W
whitespace
pp-number 0123W
whitespace
pp-number 0123Wl
whitespace
pp-number 0123lW
whitespace
pp-number 0123WL
whitespace
pp-number 0123LW
whitespace
pp-number 0123Wll
whitespace
pp-number 0123llW
whitespace
pp-number 0123WLL
whitespace
pp-number 0123LLW
whitespace
pp-number 0123WX
whitespace
pp-number 0123XW
whitespace
pp-number 0123WlL
whitespace
pp-number 0123lLW
whitespace
pp-number 0123W_ud2
whitespace
pp-number 0123_ud2W
new-line
pp-number 0123_ud1
whitespace
pp-number 0123_ud1
whitespace
pp-number 0123_ud1l
whitespace
pp-number 0123l_ud1
whitespace
pp-number 0123_ud1L
whitespace
pp-number 0123L_ud1
whitespace
pp-number 0123_ud1ll
whitespace
pp-number 0123ll_ud1
whitespace
pp-number 0123_ud1LL
whitespace
pp-number 0123LL_ud1
whitespace
pp-number 0123_ud1X
whitespace
pp-number 0123X_ud1
whitespace
pp-number 0123_ud1lL
whitespace
pp-number 0123lL_ud1
whitespace
pp-number 0123_ud1_ud2
whitespace
pp-number 0123_ud2_ud1
new-line
